// Jest Snapshot v1, https://goo.gl/fbAQLP

exports[`App false is falsy 1`] = `
<div>
  <input
    id="search"
    type="text"
  />
  <button />
  <div
    class=""
  >
    Signed in as
  </div>
  <div
    class=""
  >
    Welcome to Next.js!
  </div>
  <div>
    aaaaaa
  </div>
</div>
`;
