// Jest Snapshot v1, https://goo.gl/fbAQLP

exports[`Header snapshot 1`] = `
<div>
  <div
    class="HeaderV1"
  >
    <div
      class="HeaderMain"
      style="display: none;"
    >
      <div
        class="HeaderMainLeft"
      >
        <div
          class="HeaderMainLeftTitle"
        >
          <div
            class="LOGO"
          >
            <div
              class=""
              style="margin-right: 10px;"
            >
              <img
                alt="Sample image"
                src="undefined/topimage.png"
              />
            </div>
            <div
              class="LogoG"
            >
              Meru
            </div>
            <div
              class="LogoF"
            >
              Planet
            </div>
          </div>
        </div>
      </div>
    </div>
    <div
      class="HeaderNavi"
      style="position: relative;"
    >
      <ul
        class=""
        style="width: 100%; background-color: transparent;"
      >
        <li
          class="nomalNavi"
        >
          <a
            href="/"
          >
            <div>
              <div>
                <svg
                  fill="currentColor"
                  height="1em"
                  stroke="currentColor"
                  stroke-width="0"
                  viewBox="0 0 1024 1024"
                  width="1em"
                  xmlns="http://www.w3.org/2000/svg"
                >
                  <path
                    d="M946.5 505L560.1 118.8l-25.9-25.9a31.5 31.5 0 0 0-44.4 0L77.5 505a63.9 63.9 0 0 0-18.8 46c.4 35.2 29.7 63.3 64.9 63.3h42.5V940h691.8V614.3h43.4c17.1 0 33.2-6.7 45.3-18.8a63.6 63.6 0 0 0 18.7-45.3c0-17-6.7-33.1-18.8-45.2zM568 868H456V664h112v204zm217.9-325.7V868H632V640c0-22.1-17.9-40-40-40H432c-22.1 0-40 17.9-40 40v228H238.1V542.3h-96l370-369.7 23.1 23.1L882 542.3h-96.1z"
                  />
                </svg>
                 
                Home
              </div>
              <div
                class="home"
              >
                ホーム
              </div>
            </div>
          </a>
        </li>
        <li
          class="nomalNavi"
        >
          <a
            href="/search"
          >
            <div>
              <div>
                <svg
                  fill="none"
                  height="1em"
                  stroke="currentColor"
                  stroke-width="0"
                  viewBox="0 0 24 24"
                  width="1em"
                  xmlns="http://www.w3.org/2000/svg"
                >
                  <path
                    d="M8 16l2.879-2.879m0 0a3 3 0 104.243-4.242 3 3 0 00-4.243 4.242zM21 12a9 9 0 11-18 0 9 9 0 0118 0z"
                    stroke-linecap="round"
                    stroke-linejoin="round"
                    stroke-width="2"
                  />
                </svg>
                 
                Search
              </div>
              <div
                class="home"
              >
                検索
              </div>
            </div>
          </a>
        </li>
        <li
          class="nomalNavi"
        >
          <a
            href="/articles"
          >
            <div>
              <div>
                <svg
                  fill="currentColor"
                  height="1em"
                  stroke="currentColor"
                  stroke-width="0"
                  viewBox="0 0 24 24"
                  width="1em"
                  xmlns="http://www.w3.org/2000/svg"
                >
                  <g>
                    <path
                      d="M0 0h24v24H0z"
                      fill="none"
                    />
                    <path
                      d="M20 22H4a1 1 0 0 1-1-1V3a1 1 0 0 1 1-1h16a1 1 0 0 1 1 1v18a1 1 0 0 1-1 1zm-1-2V4H5v16h14zM7 6h4v4H7V6zm0 6h10v2H7v-2zm0 4h10v2H7v-2zm6-9h4v2h-4V7z"
                    />
                  </g>
                </svg>
                 
                Article
              </div>
              <div
                class="home"
              >
                記事
              </div>
            </div>
          </a>
        </li>
        <li
          class="nomalNavi"
        >
          <a
            href="/reviews"
          >
            <div>
              <div>
                <svg
                  fill="currentColor"
                  height="1em"
                  stroke="currentColor"
                  stroke-width="0"
                  t="1569682881658"
                  version="1.1"
                  viewBox="0 0 1024 1024"
                  width="1em"
                  xmlns="http://www.w3.org/2000/svg"
                >
                  <defs />
                  <path
                    d="M573 421c-23.1 0-41 17.9-41 40s17.9 40 41 40c21.1 0 39-17.9 39-40s-17.9-40-39-40zM293 421c-23.1 0-41 17.9-41 40s17.9 40 41 40c21.1 0 39-17.9 39-40s-17.9-40-39-40z"
                  />
                  <path
                    d="M894 345c-48.1-66-115.3-110.1-189-130v0.1c-17.1-19-36.4-36.5-58-52.1-163.7-119-393.5-82.7-513 81-96.3 133-92.2 311.9 6 439l0.8 132.6c0 3.2 0.5 6.4 1.5 9.4 5.3 16.9 23.3 26.2 40.1 20.9L309 806c33.5 11.9 68.1 18.7 102.5 20.6l-0.5 0.4c89.1 64.9 205.9 84.4 313 49l127.1 41.4c3.2 1 6.5 1.6 9.9 1.6 17.7 0 32-14.3 32-32V753c88.1-119.6 90.4-284.9 1-408zM323 735l-12-5-99 31-1-104-8-9c-84.6-103.2-90.2-251.9-11-361 96.4-132.2 281.2-161.4 413-66 132.2 96.1 161.5 280.6 66 412-80.1 109.9-223.5 150.5-348 102z m505-17l-8 10 1 104-98-33-12 5c-56 20.8-115.7 22.5-171 7l-0.2-0.1C613.7 788.2 680.7 742.2 729 676c76.4-105.3 88.8-237.6 44.4-350.4l0.6 0.4c23 16.5 44.1 37.1 62 62 72.6 99.6 68.5 235.2-8 330z"
                  />
                  <path
                    d="M433 421c-23.1 0-41 17.9-41 40s17.9 40 41 40c21.1 0 39-17.9 39-40s-17.9-40-39-40z"
                  />
                </svg>
                 
                Review
              </div>
              <div
                class="home"
              >
                レビュー
              </div>
            </div>
          </a>
        </li>
        <li
          class="nomalNavi"
        >
          <a
            href="/threads"
          >
            <div>
              <div>
                <svg
                  fill="currentColor"
                  height="1em"
                  stroke="currentColor"
                  stroke-width="0"
                  t="1569682881658"
                  version="1.1"
                  viewBox="0 0 1024 1024"
                  width="1em"
                  xmlns="http://www.w3.org/2000/svg"
                >
                  <defs />
                  <path
                    d="M573 421c-23.1 0-41 17.9-41 40s17.9 40 41 40c21.1 0 39-17.9 39-40s-17.9-40-39-40zM293 421c-23.1 0-41 17.9-41 40s17.9 40 41 40c21.1 0 39-17.9 39-40s-17.9-40-39-40z"
                  />
                  <path
                    d="M894 345c-48.1-66-115.3-110.1-189-130v0.1c-17.1-19-36.4-36.5-58-52.1-163.7-119-393.5-82.7-513 81-96.3 133-92.2 311.9 6 439l0.8 132.6c0 3.2 0.5 6.4 1.5 9.4 5.3 16.9 23.3 26.2 40.1 20.9L309 806c33.5 11.9 68.1 18.7 102.5 20.6l-0.5 0.4c89.1 64.9 205.9 84.4 313 49l127.1 41.4c3.2 1 6.5 1.6 9.9 1.6 17.7 0 32-14.3 32-32V753c88.1-119.6 90.4-284.9 1-408zM323 735l-12-5-99 31-1-104-8-9c-84.6-103.2-90.2-251.9-11-361 96.4-132.2 281.2-161.4 413-66 132.2 96.1 161.5 280.6 66 412-80.1 109.9-223.5 150.5-348 102z m505-17l-8 10 1 104-98-33-12 5c-56 20.8-115.7 22.5-171 7l-0.2-0.1C613.7 788.2 680.7 742.2 729 676c76.4-105.3 88.8-237.6 44.4-350.4l0.6 0.4c23 16.5 44.1 37.1 62 62 72.6 99.6 68.5 235.2-8 330z"
                  />
                  <path
                    d="M433 421c-23.1 0-41 17.9-41 40s17.9 40 41 40c21.1 0 39-17.9 39-40s-17.9-40-39-40z"
                  />
                </svg>
                 
                Thread
              </div>
              <div
                class="home"
              >
                スレッド
              </div>
            </div>
          </a>
        </li>
        <li
          class="headerUserSighIn nomalNavi"
          style="display: block;"
        />
        <li
          class="subMenu"
        >
          <svg
            fill="currentColor"
            height="1em"
            stroke="currentColor"
            stroke-width="0"
            viewBox="0 0 512 512"
            width="1em"
            xmlns="http://www.w3.org/2000/svg"
          >
            <path
              d="M64 384h384v-42.666H64V384zm0-106.666h384v-42.667H64v42.667zM64 128v42.665h384V128H64z"
            />
          </svg>
        </li>
      </ul>
    </div>
  </div>
</div>
`;
